10.58.181.92 - - [24/Jun/2015:01:18:33 -0700] "GET /jenkins/view/Nightly%20Jobs/job/3_Sub_Nightly_QA_Test_RS_MATS/descriptorByName/hudson.model.FreeStyleProject/checkLabel?value=replinuxb15%7C%7Creplinuxb10%7C%7Creplinuxb9 HTTP/1.1" 200 201
10.58.181.92 - - [24/Jun/2015:01:18:33 -0700] "POST /jenkins/$stapler/bound/90142d05-9624-41b3-a438-3c68d36f08fa/render HTTP/1.1" 200 700
10.58.181.92 - - [24/Jun/2015:01:18:33 -0700] "POST /jenkins/$stapler/bound/07cf6bd8-8d63-47fe-9d8e-267d40e2a0aa/render HTTP/1.1" 200 180
10.58.181.92 - - [24/Jun/2015:01:18:33 -0700] "GET /jenkins/static/ec79f6db/images/bottom-sticker-top-edge.png HTTP/1.1" 200 351
10.58.181.92 - - [24/Jun/2015:01:18:33 -0700] "POST /jenkins/view/Nightly%20Jobs/job/3_Sub_Nightly_QA_Test_RS_MATS/descriptorByName/hudson.scm.CvsRepository/fillCompressionLevelItems HTTP/1.1" 200 154
10.58.181.92 - - [24/Jun/2015:01:18:33 -0700] "POST /jenkins/view/Nightly%20Jobs/job/3_Sub_Nightly_QA_Test_RS_MATS/descriptorByName/hudson.scm.CvsRepository/fillCompressionLevelItems HTTP/1.1" 200 154
10.58.180.231 - - [24/Jun/2015:01:18:33 -0700] "POST /jenkins/ajaxExecutors HTTP/1.1" 200 1997
10.58.181.92 - - [24/Jun/2015:01:18:33 -0700] "GET /jenkins/static/ec79f6db/images/none.gif HTTP/1.1" 200 115
10.58.181.92 - - [24/Jun/2015:01:18:33 -0700] "GET /jenkins/view/Nightly%20Jobs/job/3_Sub_Nightly_QA_Test_RS_MATS/descriptorByName/hudson.model.FreeStyleProject/checkCustomWorkspace?value=&customWorkspace= HTTP/1.1" 200 119
10.58.181.92 - - [24/Jun/2015:01:18:33 -0700] "GET /jenkins/checkDisplayName?displayName=&jobName=3_Sub_Nightly_QA_Test_RS_MATS HTTP/1.1" 200 6
10.172.104.102 - - [24/Jun/2015:01:18:33 -0700] "POST /jenkins/job/huiji-rscorona_huiji4_vu-rs-dev-build-pre/enable HTTP/1.1" 302 -
10.172.104.102 - - [24/Jun/2015:01:18:33 -0700] "GET /jenkins/job/huiji-rscorona_huiji4_vu-rs-dev-build-end/ HTTP/1.1" 200 15843
10.58.181.92 - - [24/Jun/2015:01:18:33 -0700] "GET /jenkins/view/Nightly%20Jobs/job/3_Sub_Nightly_QA_Test_RS_MATS/descriptorByName/hudson.scm.CvsRepository/checkCvsRoot?value= HTTP/1.1" 200 113
10.58.181.92 - - [24/Jun/2015:01:18:34 -0700] "GET /jenkins/view/Nightly%20Jobs/job/3_Sub_Nightly_QA_Test_RS_MATS/descriptorByName/hudson.scm.CvsModule/checkRemoteName?value= HTTP/1.1" 200 117
10.172.104.102 - - [24/Jun/2015:01:18:34 -0700] "GET /jenkins/job/huiji-rscorona_huiji4_vu-rs-dev-build-end/ HTTP/1.1" 200 19155
10.58.181.92 - - [24/Jun/2015:01:18:34 -0700] "GET /jenkins/view/Nightly%20Jobs/job/3_Sub_Nightly_QA_Test_RS_MATS/descriptorByName/hudson.scm.ExcludedRegion/checkPattern?value= HTTP/1.1" 200 6
10.58.181.92 - - [24/Jun/2015:01:18:34 -0700] "GET /jenkins/view/Nightly%20Jobs/job/3_Sub_Nightly_QA_Test_RS_MATS/descriptorByName/hudson.scm.CvsRepository/checkCvsRoot?value= HTTP/1.1" 200 113
10.172.104.102 - - [24/Jun/2015:01:18:34 -0700] "POST /jenkins/job/huiji-rscorona_huiji4_vu-rs-dev-build-end/config.xml HTTP/1.1" 200 -
10.58.181.92 - - [24/Jun/2015:01:18:34 -0700] "GET /jenkins/view/Nightly%20Jobs/job/3_Sub_Nightly_QA_Test_RS_MATS/descriptorByName/hudson.scm.CvsModule/checkRemoteName?value= HTTP/1.1" 200 117
10.58.181.92 - - [24/Jun/2015:01:18:34 -0700] "GET /jenkins/view/Nightly%20Jobs/job/3_Sub_Nightly_QA_Test_RS_MATS/descriptorByName/hudson.scm.CvsModule/checkProjectsetFileName?value= HTTP/1.1" 200 126
10.58.181.92 - - [24/Jun/2015:01:18:34 -0700] "GET /jenkins/view/Nightly%20Jobs/job/3_Sub_Nightly_QA_Test_RS_MATS/descriptorByName/hudson.scm.ExcludedRegion/checkPattern?value= HTTP/1.1" 200 6
10.172.104.102 - - [24/Jun/2015:01:18:34 -0700] "POST /jenkins/job/huiji-rscorona_huiji4_vu-rs-dev-build-end/disable HTTP/1.1" 302 -
10.58.181.92 - - [24/Jun/2015:01:18:34 -0700] "GET /jenkins/view/Nightly%20Jobs/job/3_Sub_Nightly_QA_Test_RS_MATS/descriptorByName/hudson.scm.SubversionSCM/checkRemote?value= HTTP/1.1" 200 120
10.58.181.92 - - [24/Jun/2015:01:18:35 -0700] "GET /jenkins/view/Nightly%20Jobs/job/3_Sub_Nightly_QA_Test_RS_MATS/descriptorByName/hudson.scm.SubversionSCM/checkLocal?value=. HTTP/1.1" 200 6
10.58.181.92 - - [24/Jun/2015:01:18:35 -0700] "GET /jenkins/view/Nightly%20Jobs/job/3_Sub_Nightly_QA_Test_RS_MATS/descriptorByName/hudson.scm.SubversionSCM/checkRevisionPropertiesSupported?value= HTTP/1.1" 200 6
10.172.104.102 - - [24/Jun/2015:01:18:35 -0700] "POST /jenkins/job/huiji-rscorona_huiji4_vu-rs-dev-build-end/enable HTTP/1.1" 302 -
10.172.104.102 - - [24/Jun/2015:01:18:35 -0700] "GET /jenkins/job/huiji-rscorona_huiji4_vu-serial-build-only/ HTTP/1.1" 200 25572
10.58.181.92 - - [24/Jun/2015:01:18:35 -0700] "GET /jenkins/view/Nightly%20Jobs/job/3_Sub_Nightly_QA_Test_RS_MATS/descriptorByName/jenkins.triggers.ReverseBuildTrigger/checkUpstreamProjects?value= HTTP/1.1" 200 113
10.58.181.92 - - [24/Jun/2015:01:18:35 -0700] "GET /jenkins/publisher/ExtendedEmailPublisher/recipientListRecipientsCheck?value=jesson.ji%40sap.com%2C%20lisa.lew%40sap.com HTTP/1.1" 200 6
10.172.104.102 - - [24/Jun/2015:01:18:35 -0700] "GET /jenkins/job/huiji-rscorona_huiji4_vu-serial-build-only/ HTTP/1.1" 200 29054
10.58.181.92 - - [24/Jun/2015:01:18:35 -0700] "GET /jenkins/publisher/ExtendedEmailPublisher/recipientListRecipientsCheck?value=%24DEFAULT_REPLYTO HTTP/1.1" 200 6
10.58.181.92 - - [24/Jun/2015:01:18:35 -0700] "GET /jenkins/view/Nightly%20Jobs/job/3_Sub_Nightly_QA_Test_RS_MATS/descriptorByName/hudson.scm.SubversionSCM/checkExcludedRegions?value= HTTP/1.1" 200 6
10.172.104.102 - - [24/Jun/2015:01:18:35 -0700] "POST /jenkins/job/huiji-rscorona_huiji4_vu-serial-build-only/config.xml HTTP/1.1" 200 -
10.58.181.92 - - [24/Jun/2015:01:18:35 -0700] "GET /jenkins/view/Nightly%20Jobs/job/3_Sub_Nightly_QA_Test_RS_MATS/descriptorByName/hudson.scm.SubversionSCM/checkIncludedRegions?value= HTTP/1.1" 200 6
10.58.181.92 - - [24/Jun/2015:01:18:36 -0700] "GET /jenkins/view/Nightly%20Jobs/job/3_Sub_Nightly_QA_Test_RS_MATS/descriptorByName/hudson.scm.SubversionSCM/checkExcludedUsers?value= HTTP/1.1" 200 6
10.58.181.92 - - [24/Jun/2015:01:18:36 -0700] "GET /jenkins/view/Nightly%20Jobs/job/3_Sub_Nightly_QA_Test_RS_MATS/descriptorByName/hudson.scm.SubversionSCM/checkExcludedCommitMessages?value= HTTP/1.1" 200 6
10.172.104.102 - - [24/Jun/2015:01:18:36 -0700] "POST /jenkins/job/huiji-rscorona_huiji4_vu-serial-build-only/disable HTTP/1.1" 302 -
10.58.181.92 - - [24/Jun/2015:01:18:36 -0700] "GET /jenkins/view/Nightly%20Jobs/job/3_Sub_Nightly_QA_Test_RS_MATS/descriptorByName/hudson.triggers.TimerTrigger/checkSpec?value= HTTP/1.1" 200 125
10.58.181.92 - - [24/Jun/2015:01:18:36 -0700] "GET /jenkins/trigger/TimerTrigger/check?value= HTTP/1.1" 200 125
10.172.104.102 - - [24/Jun/2015:01:18:36 -0700] "POST /jenkins/job/huiji-rscorona_huiji4_vu-serial-build-only/enable HTTP/1.1" 302 -
10.172.104.102 - - [24/Jun/2015:01:18:36 -0700] "GET /jenkins/job/huiji-rscorona_huiji4_vu-serial-build-only/build?token=INSTALLER HTTP/1.1" 201 -
10.58.180.231 - - [24/Jun/2015:01:18:37 -0700] "POST /jenkins/ajaxBuildQueue HTTP/1.1" 200 498
10.58.181.92 - - [24/Jun/2015:01:18:37 -0700] "POST /jenkins/view/Nightly%20Jobs/job/3_Sub_Nightly_QA_Test_RS_MATS/buildHistory/ajax HTTP/1.1" 200 51
10.58.180.231 - - [24/Jun/2015:01:18:38 -0700] "POST /jenkins/ajaxExecutors HTTP/1.1" 200 1998
10.58.181.92 - - [24/Jun/2015:01:18:44 -0700] "POST /jenkins/view/Nightly%20Jobs/job/3_Sub_Nightly_QA_Test_RS_MATS/buildHistory/ajax HTTP/1.1" 200 51
10.58.180.231 - - [24/Jun/2015:01:18:44 -0700] "POST /jenkins/ajaxBuildQueue HTTP/1.1" 200 473
10.58.180.231 - - [24/Jun/2015:01:18:44 -0700] "POST /jenkins/ajaxExecutors HTTP/1.1" 200 1999
10.58.180.231 - - [24/Jun/2015:01:18:49 -0700] "POST /jenkins/ajaxBuildQueue HTTP/1.1" 200 471
10.58.181.92 - - [24/Jun/2015:01:18:49 -0700] "POST /jenkins/view/Nightly%20Jobs/job/3_Sub_Nightly_QA_Test_RS_MATS/buildHistory/ajax HTTP/1.1" 200 51
10.58.180.231 - - [24/Jun/2015:01:18:50 -0700] "POST /jenkins/ajaxExecutors HTTP/1.1" 200 1998
10.58.181.92 - - [24/Jun/2015:01:18:54 -0700] "POST /jenkins/view/Nightly%20Jobs/job/3_Sub_Nightly_QA_Test_RS_MATS/buildHistory/ajax HTTP/1.1" 200 51
10.58.180.231 - - [24/Jun/2015:01:18:55 -0700] "POST /jenkins/ajaxBuildQueue HTTP/1.1" 200 300
10.58.180.231 - - [24/Jun/2015:01:18:55 -0700] "POST /jenkins/ajaxExecutors HTTP/1.1" 200 2045
10.58.181.92 - - [24/Jun/2015:01:18:59 -0700] "POST /jenkins/view/Nightly%20Jobs/job/3_Sub_Nightly_QA_Test_RS_MATS/buildHistory/ajax HTTP/1.1" 200 51
10.58.180.231 - - [24/Jun/2015:01:19:00 -0700] "POST /jenkins/ajaxBuildQueue HTTP/1.1" 200 300
10.58.180.231 - - [24/Jun/2015:01:19:00 -0700] "POST /jenkins/ajaxExecutors HTTP/1.1" 200 2045
10.58.181.92 - - [24/Jun/2015:01:19:04 -0700] "POST /jenkins/view/Nightly%20Jobs/job/3_Sub_Nightly_QA_Test_RS_MATS/buildHistory/ajax HTTP/1.1" 200 51
10.58.180.231 - - [24/Jun/2015:01:19:05 -0700] "POST /jenkins/ajaxBuildQueue HTTP/1.1" 200 300
10.58.180.231 - - [24/Jun/2015:01:19:06 -0700] "POST /jenkins/ajaxExecutors HTTP/1.1" 200 2045
10.58.181.92 - - [24/Jun/2015:01:19:10 -0700] "POST /jenkins/view/Nightly%20Jobs/job/3_Sub_Nightly_QA_Test_RS_MATS/buildHistory/ajax HTTP/1.1" 200 51
10.58.180.231 - - [24/Jun/2015:01:19:10 -0700] "POST /jenkins/ajaxBuildQueue HTTP/1.1" 200 495
10.58.180.231 - - [24/Jun/2015:01:19:11 -0700] "POST /jenkins/ajaxExecutors HTTP/1.1" 200 2044
10.58.180.231 - - [24/Jun/2015:01:19:16 -0700] "POST /jenkins/ajaxBuildQueue HTTP/1.1" 200 493
10.58.181.92 - - [24/Jun/2015:01:19:16 -0700] "POST /jenkins/view/Nightly%20Jobs/job/3_Sub_Nightly_QA_Test_RS_MATS/buildHistory/ajax HTTP/1.1" 200 51
10.58.180.231 - - [24/Jun/2015:01:19:16 -0700] "POST /jenkins/ajaxExecutors HTTP/1.1" 200 2109
10.58.180.231 - - [24/Jun/2015:01:19:21 -0700] "POST /jenkins/ajaxBuildQueue HTTP/1.1" 200 300
10.58.181.92 - - [24/Jun/2015:01:19:21 -0700] "POST /jenkins/view/Nightly%20Jobs/job/3_Sub_Nightly_QA_Test_RS_MATS/buildHistory/ajax HTTP/1.1" 200 51
10.58.180.231 - - [24/Jun/2015:01:19:21 -0700] "POST /jenkins/ajaxExecutors HTTP/1.1" 200 2113
10.58.180.231 - - [24/Jun/2015:01:19:26 -0700] "POST /jenkins/ajaxBuildQueue HTTP/1.1" 200 300
10.58.180.231 - - [24/Jun/2015:01:19:26 -0700] "GET /jenkins/job/huiji-rscorona_huiji4_vu-serial-build-only/2/console HTTP/1.1" 200 3948
10.58.181.92 - - [24/Jun/2015:01:19:26 -0700] "POST /jenkins/view/Nightly%20Jobs/job/3_Sub_Nightly_QA_Test_RS_MATS/buildHistory/ajax HTTP/1.1" 200 51
10.58.180.231 - - [24/Jun/2015:01:19:26 -0700] "GET /jenkins/static/ec79f6db/images/16x16/stop.png HTTP/1.1" 304 -
10.58.180.231 - - [24/Jun/2015:01:19:27 -0700] "GET /jenkins/descriptor/hudson.tasks._ant.AntTargetNote/script.js HTTP/1.1" 304 -
10.58.180.231 - - [24/Jun/2015:01:19:27 -0700] "GET /jenkins/descriptor/hudson.tasks._ant.AntOutcomeNote/style.css HTTP/1.1" 304 -
10.58.180.231 - - [24/Jun/2015:01:19:27 -0700] "GET /jenkins/descriptor/hudson.console.ExpandableDetailsNote/style.css HTTP/1.1" 304 -
10.58.180.231 - - [24/Jun/2015:01:19:27 -0700] "GET /jenkins/descriptor/hudson.console.ExpandableDetailsNote/script.js HTTP/1.1" 304 -
10.58.180.231 - - [24/Jun/2015:01:19:27 -0700] "GET /jenkins/extensionList/hudson.console.ConsoleAnnotatorFactory/hudson.plugins.timestamper.annotator.TimestampAnnotatorFactory/script.js HTTP/1.1" 304 -
10.58.180.231 - - [24/Jun/2015:01:19:27 -0700] "POST /jenkins/job/huiji-rscorona_huiji4_vu-serial-build-only/2/logText/progressiveHtml HTTP/1.1" 200 911
10.58.180.231 - - [24/Jun/2015:01:19:27 -0700] "POST /jenkins/ajaxExecutors HTTP/1.1" 200 2112
10.58.180.231 - - [24/Jun/2015:01:19:27 -0700] "POST /jenkins/extensionList/hudson.console.ConsoleAnnotatorFactory/hudson.plugins.timestamper.annotator.TimestampAnnotatorFactory/usersettings HTTP/1.1" 200 236
10.58.180.231 - - [24/Jun/2015:01:19:28 -0700] "POST /jenkins/job/huiji-rscorona_huiji4_vu-serial-build-only/2/logText/progressiveHtml HTTP/1.1" 200 -
10.58.180.231 - - [24/Jun/2015:01:19:29 -0700] "GET /jenkins/job/huiji-rscorona_huiji4_vu-serial-build-only/ HTTP/1.1" 200 6065
10.58.180.231 - - [24/Jun/2015:01:19:29 -0700] "POST /jenkins/job/huiji-rscorona_huiji4_vu-serial-build-only/2/logText/progressiveHtml HTTP/1.1" 200 -
10.58.180.231 - - [24/Jun/2015:01:19:29 -0700] "GET /jenkins/static/ec79f6db/images/16x16/stop.png HTTP/1.1" 304 -
10.58.180.231 - - [24/Jun/2015:01:19:30 -0700] "GET /jenkins/static/ec79f6db/images/16x16/collapse.png HTTP/1.1" 304 -
10.58.180.231 - - [24/Jun/2015:01:19:30 -0700] "GET /jenkins/static/ec79f6db/images/atom.gif HTTP/1.1" 304 -
10.58.180.231 - - [24/Jun/2015:01:19:31 -0700] "GET /jenkins/static/ec79f6db/images/16x16/health-80plus.png HTTP/1.1" 304 -
10.58.180.231 - - [24/Jun/2015:01:19:31 -0700] "GET /jenkins/static/ec79f6db/images/24x24/clock.png HTTP/1.1" 304 -
10.58.180.231 - - [24/Jun/2015:01:19:31 -0700] "GET /jenkins/static/ec79f6db/images/24x24/folder.png HTTP/1.1" 304 -
10.58.180.231 - - [24/Jun/2015:01:19:31 -0700] "GET /jenkins/static/ec79f6db/images/24x24/setting.png HTTP/1.1" 304 -
10.58.180.231 - - [24/Jun/2015:01:19:31 -0700] "GET /jenkins/static/ec79f6db/images/48x48/notepad.png HTTP/1.1" 304 -
10.58.180.231 - - [24/Jun/2015:01:19:31 -0700] "GET /jenkins/static/ec79f6db/images/32x32/grey.png HTTP/1.1" 304 -
10.58.180.231 - - [24/Jun/2015:01:19:31 -0700] "GET /jenkins/static/ec79f6db/images/32x32/health-80plus.png HTTP/1.1" 304 -
10.58.180.231 - - [24/Jun/2015:01:19:31 -0700] "GET /jenkins/static/ec79f6db/images/32x32/blue_anime.gif HTTP/1.1" 304 -
10.58.180.231 - - [24/Jun/2015:01:19:31 -0700] "GET /jenkins/static/ec79f6db/images/48x48/folder.png HTTP/1.1" 304 -
10.58.180.231 - - [24/Jun/2015:01:19:31 -0700] "POST /jenkins/ajaxBuildQueue HTTP/1.1" 200 300
10.58.181.92 - - [24/Jun/2015:01:19:32 -0700] "POST /jenkins/view/Nightly%20Jobs/job/3_Sub_Nightly_QA_Test_RS_MATS/buildHistory/ajax HTTP/1.1" 200 51
10.58.180.231 - - [24/Jun/2015:01:19:32 -0700] "GET /jenkins/static/ec79f6db/images/16x16/blue_anime.gif HTTP/1.1" 304 -
10.58.180.231 - - [24/Jun/2015:01:19:32 -0700] "GET /jenkins/static/ec79f6db/images/16x16/blue.png HTTP/1.1" 304 -
10.58.180.231 - - [24/Jun/2015:01:19:32 -0700] "GET /jenkins/static/ec79f6db/images/24x24/terminal.gif HTTP/1.1" 304 -
10.58.180.231 - - [24/Jun/2015:01:19:32 -0700] "GET /jenkins/static/ec79f6db/images/16x16/notepad.png HTTP/1.1" 304 -
10.58.180.231 - - [24/Jun/2015:01:19:32 -0700] "GET /jenkins/static/ec79f6db/images/16x16/nobuilt.png HTTP/1.1" 304 -
10.58.180.231 - - [24/Jun/2015:01:19:32 -0700] "POST /jenkins/ajaxExecutors HTTP/1.1" 200 2111
10.58.180.231 - - [24/Jun/2015:01:19:35 -0700] "POST /jenkins/job/huiji-rscorona_huiji4_vu-serial-build-only/buildHistory/ajax HTTP/1.1" 200 551
10.58.180.231 - - [24/Jun/2015:01:19:36 -0700] "POST /jenkins/ajaxBuildQueue HTTP/1.1" 200 300
10.58.181.92 - - [24/Jun/2015:01:19:37 -0700] "POST /jenkins/view/Nightly%20Jobs/job/3_Sub_Nightly_QA_Test_RS_MATS/buildHistory/ajax HTTP/1.1" 200 51
10.58.180.231 - - [24/Jun/2015:01:19:37 -0700] "POST /jenkins/ajaxExecutors HTTP/1.1" 200 2109
10.58.180.231 - - [24/Jun/2015:01:19:40 -0700] "POST /jenkins/job/huiji-rscorona_huiji4_vu-serial-build-only/buildHistory/ajax HTTP/1.1" 200 552
10.58.181.92 - - [24/Jun/2015:01:19:42 -0700] "POST /jenkins/view/Nightly%20Jobs/job/3_Sub_Nightly_QA_Test_RS_MATS/buildHistory/ajax HTTP/1.1" 200 51
10.58.180.231 - - [24/Jun/2015:01:19:42 -0700] "POST /jenkins/ajaxBuildQueue HTTP/1.1" 200 300
10.58.180.231 - - [24/Jun/2015:01:19:45 -0700] "POST /jenkins/ajaxExecutors HTTP/1.1" 200 2111
10.58.180.231 - - [24/Jun/2015:01:19:45 -0700] "GET /jenkins/adjuncts/ec79f6db/lib/layout/menu_right_arrow2.png HTTP/1.1" 304 -
10.58.180.231 - - [24/Jun/2015:01:19:45 -0700] "POST /jenkins/job/huiji-rscorona_huiji4_vu-serial-build-only/buildHistory/ajax HTTP/1.1" 200 552
10.58.181.92 - - [24/Jun/2015:01:19:47 -0700] "POST /jenkins/view/Nightly%20Jobs/job/3_Sub_Nightly_QA_Test_RS_MATS/buildHistory/ajax HTTP/1.1" 200 51
10.58.180.231 - - [24/Jun/2015:01:19:47 -0700] "POST /jenkins/ajaxBuildQueue HTTP/1.1" 200 300
10.58.180.231 - - [24/Jun/2015:01:19:51 -0700] "POST /jenkins/job/huiji-rscorona_huiji4_vu-serial-build-only/buildHistory/ajax HTTP/1.1" 200 551
10.58.181.92 - - [24/Jun/2015:01:19:52 -0700] "POST /jenkins/view/Nightly%20Jobs/job/3_Sub_Nightly_QA_Test_RS_MATS/buildHistory/ajax HTTP/1.1" 200 51
10.58.180.231 - - [24/Jun/2015:01:19:52 -0700] "GET /jenkins/ HTTP/1.1" 200 17128
10.58.180.231 - - [24/Jun/2015:01:19:52 -0700] "POST /jenkins/ajaxExecutors HTTP/1.1" 200 2111
10.58.180.231 - - [24/Jun/2015:01:19:56 -0700] "POST /jenkins/job/huiji-rscorona_huiji4_vu-serial-build-only/buildHistory/ajax HTTP/1.1" 200 552
10.58.181.92 - - [24/Jun/2015:01:19:57 -0700] "POST /jenkins/view/Nightly%20Jobs/job/3_Sub_Nightly_QA_Test_RS_MATS/buildHistory/ajax HTTP/1.1" 200 51
10.58.180.231 - - [24/Jun/2015:01:19:57 -0700] "POST /jenkins/ajaxBuildQueue HTTP/1.1" 200 300
10.58.180.231 - - [24/Jun/2015:01:19:58 -0700] "POST /jenkins/ajaxExecutors HTTP/1.1" 200 2112
10.58.180.231 - - [24/Jun/2015:01:20:01 -0700] "POST /jenkins/job/huiji-rscorona_huiji4_vu-serial-build-only/buildHistory/ajax HTTP/1.1" 200 553
10.58.181.92 - - [24/Jun/2015:01:20:02 -0700] "POST /jenkins/view/Nightly%20Jobs/job/3_Sub_Nightly_QA_Test_RS_MATS/buildHistory/ajax HTTP/1.1" 200 51
10.58.180.231 - - [24/Jun/2015:01:20:03 -0700] "POST /jenkins/ajaxBuildQueue HTTP/1.1" 200 300
10.58.180.231 - - [24/Jun/2015:01:20:03 -0700] "POST /jenkins/ajaxExecutors HTTP/1.1" 200 2113
10.58.180.231 - - [24/Jun/2015:01:20:06 -0700] "POST /jenkins/job/huiji-rscorona_huiji4_vu-serial-build-only/buildHistory/ajax HTTP/1.1" 200 552
10.58.181.92 - - [24/Jun/2015:01:20:08 -0700] "POST /jenkins/view/Nightly%20Jobs/job/3_Sub_Nightly_QA_Test_RS_MATS/buildHistory/ajax HTTP/1.1" 200 51
10.58.180.231 - - [24/Jun/2015:01:20:08 -0700] "POST /jenkins/ajaxBuildQueue HTTP/1.1" 200 300
10.58.180.231 - - [24/Jun/2015:01:20:08 -0700] "POST /jenkins/ajaxExecutors HTTP/1.1" 200 2112
10.58.180.231 - - [24/Jun/2015:01:20:11 -0700] "POST /jenkins/job/huiji-rscorona_huiji4_vu-serial-build-only/buildHistory/ajax HTTP/1.1" 200 552
10.58.181.92 - - [24/Jun/2015:01:20:13 -0700] "POST /jenkins/view/Nightly%20Jobs/job/3_Sub_Nightly_QA_Test_RS_MATS/buildHistory/ajax HTTP/1.1" 200 51
10.58.180.231 - - [24/Jun/2015:01:20:13 -0700] "POST /jenkins/ajaxBuildQueue HTTP/1.1" 200 300
10.58.180.231 - - [24/Jun/2015:01:20:14 -0700] "POST /jenkins/ajaxExecutors HTTP/1.1" 200 2110
10.58.180.231 - - [24/Jun/2015:01:20:16 -0700] "POST /jenkins/job/huiji-rscorona_huiji4_vu-serial-build-only/buildHistory/ajax HTTP/1.1" 200 552
10.58.181.92 - - [24/Jun/2015:01:20:18 -0700] "POST /jenkins/view/Nightly%20Jobs/job/3_Sub_Nightly_QA_Test_RS_MATS/buildHistory/ajax HTTP/1.1" 200 51
10.58.180.231 - - [24/Jun/2015:01:20:18 -0700] "POST /jenkins/ajaxBuildQueue HTTP/1.1" 200 300
10.58.180.231 - - [24/Jun/2015:01:20:19 -0700] "POST /jenkins/ajaxExecutors HTTP/1.1" 200 2113
10.58.180.231 - - [24/Jun/2015:01:20:21 -0700] "POST /jenkins/job/huiji-rscorona_huiji4_vu-serial-build-only/buildHistory/ajax HTTP/1.1" 200 553
10.58.181.92 - - [24/Jun/2015:01:20:23 -0700] "POST /jenkins/view/Nightly%20Jobs/job/3_Sub_Nightly_QA_Test_RS_MATS/buildHistory/ajax HTTP/1.1" 200 51
10.58.180.231 - - [24/Jun/2015:01:20:23 -0700] "POST /jenkins/ajaxBuildQueue HTTP/1.1" 200 300
10.58.180.231 - - [24/Jun/2015:01:20:24 -0700] "POST /jenkins/ajaxExecutors HTTP/1.1" 200 2111
10.58.180.231 - - [24/Jun/2015:01:20:27 -0700] "POST /jenkins/job/huiji-rscorona_huiji4_vu-serial-build-only/buildHistory/ajax HTTP/1.1" 200 552
10.58.181.92 - - [24/Jun/2015:01:20:28 -0700] "POST /jenkins/view/Nightly%20Jobs/job/3_Sub_Nightly_QA_Test_RS_MATS/buildHistory/ajax HTTP/1.1" 200 51
10.58.180.231 - - [24/Jun/2015:01:20:29 -0700] "POST /jenkins/ajaxBuildQueue HTTP/1.1" 200 300
10.58.180.231 - - [24/Jun/2015:01:20:29 -0700] "POST /jenkins/ajaxExecutors HTTP/1.1" 200 2115
10.58.180.231 - - [24/Jun/2015:01:20:32 -0700] "POST /jenkins/job/huiji-rscorona_huiji4_vu-serial-build-only/buildHistory/ajax HTTP/1.1" 200 553
10.58.181.92 - - [24/Jun/2015:01:20:34 -0700] "POST /jenkins/view/Nightly%20Jobs/job/3_Sub_Nightly_QA_Test_RS_MATS/buildHistory/ajax HTTP/1.1" 200 51
10.58.180.231 - - [24/Jun/2015:01:20:34 -0700] "POST /jenkins/ajaxBuildQueue HTTP/1.1" 200 300
10.58.180.231 - - [24/Jun/2015:01:20:35 -0700] "POST /jenkins/ajaxExecutors HTTP/1.1" 200 2115
10.58.180.231 - - [24/Jun/2015:01:20:37 -0700] "POST /jenkins/job/huiji-rscorona_huiji4_vu-serial-build-only/buildHistory/ajax HTTP/1.1" 200 553
10.58.181.92 - - [24/Jun/2015:01:20:39 -0700] "POST /jenkins/view/Nightly%20Jobs/job/3_Sub_Nightly_QA_Test_RS_MATS/buildHistory/ajax HTTP/1.1" 200 51
10.58.180.231 - - [24/Jun/2015:01:20:39 -0700] "POST /jenkins/ajaxBuildQueue HTTP/1.1" 200 300
10.58.180.231 - - [24/Jun/2015:01:20:41 -0700] "POST /jenkins/ajaxExecutors HTTP/1.1" 200 2115
10.58.180.231 - - [24/Jun/2015:01:20:43 -0700] "POST /jenkins/job/huiji-rscorona_huiji4_vu-serial-build-only/buildHistory/ajax HTTP/1.1" 200 552
10.58.181.92 - - [24/Jun/2015:01:20:47 -0700] "POST /jenkins/view/Nightly%20Jobs/job/3_Sub_Nightly_QA_Test_RS_MATS/buildHistory/ajax HTTP/1.1" 200 51
10.58.180.231 - - [24/Jun/2015:01:20:47 -0700] "POST /jenkins/ajaxBuildQueue HTTP/1.1" 200 300
10.58.180.231 - - [24/Jun/2015:01:20:47 -0700] "POST /jenkins/ajaxExecutors HTTP/1.1" 200 2113
10.58.180.231 - - [24/Jun/2015:01:20:48 -0700] "POST /jenkins/job/huiji-rscorona_huiji4_vu-serial-build-only/buildHistory/ajax HTTP/1.1" 200 553
10.58.180.231 - - [24/Jun/2015:01:20:51 -0700] "GET /jenkins/job/3_Sub_Nightly_Publish_QA_Test_Report/ HTTP/1.1" 200 4787
10.58.180.231 - - [24/Jun/2015:01:20:51 -0700] "GET /jenkins/static/ec79f6db/css/color.css HTTP/1.1" 304 -
10.58.180.231 - - [24/Jun/2015:01:20:51 -0700] "GET /jenkins/static/ec79f6db/css/style.css HTTP/1.1" 304 -
10.58.180.231 - - [24/Jun/2015:01:20:51 -0700] "GET /jenkins/adjuncts/ec79f6db/org/kohsuke/stapler/bind.js HTTP/1.1" 304 -
10.58.180.231 - - [24/Jun/2015:01:20:51 -0700] "GET /jenkins/static/ec79f6db/css/responsive-grid.css HTTP/1.1" 304 -
10.58.180.231 - - [24/Jun/2015:01:20:51 -0700] "GET /jenkins/static/ec79f6db/scripts/prototype.js HTTP/1.1" 304 -
10.58.180.231 - - [24/Jun/2015:01:20:51 -0700] "GET /jenkins/static/ec79f6db/scripts/behavior.js HTTP/1.1" 304 -
10.58.180.231 - - [24/Jun/2015:01:20:51 -0700] "GET /jenkins/static/ec79f6db/scripts/yui/yahoo/yahoo-min.js HTTP/1.1" 304 -
10.58.180.231 - - [24/Jun/2015:01:20:51 -0700] "GET /jenkins/static/ec79f6db/scripts/yui/dom/dom-min.js HTTP/1.1" 304 -
10.58.181.92 - - [24/Jun/2015:01:20:52 -0700] "POST /jenkins/view/Nightly%20Jobs/job/3_Sub_Nightly_QA_Test_RS_MATS/buildHistory/ajax HTTP/1.1" 200 51
10.58.180.231 - - [24/Jun/2015:01:20:53 -0700] "POST /jenkins/job/huiji-rscorona_huiji4_vu-serial-build-only/buildHistory/ajax HTTP/1.1" 200 553
10.58.180.231 - - [24/Jun/2015:01:20:53 -0700] "GET /jenkins/static/ec79f6db/scripts/yui/dragdrop/dragdrop-min.js HTTP/1.1" 304 -
10.58.180.231 - - [24/Jun/2015:01:20:53 -0700] "GET /jenkins/static/ec79f6db/scripts/yui/container/container-min.js HTTP/1.1" 304 -
10.58.180.231 - - [24/Jun/2015:01:20:53 -0700] "GET /jenkins/static/ec79f6db/scripts/yui/event/event-min.js HTTP/1.1" 304 -
10.58.180.231 - - [24/Jun/2015:01:20:53 -0700] "GET /jenkins/static/ec79f6db/scripts/yui/connection/connection-min.js HTTP/1.1" 304 -
10.58.180.231 - - [24/Jun/2015:01:20:54 -0700] "GET /jenkins/static/ec79f6db/scripts/yui/animation/animation-min.js HTTP/1.1" 304 -
10.58.180.231 - - [24/Jun/2015:01:20:54 -0700] "GET /jenkins/static/ec79f6db/scripts/yui/autocomplete/autocomplete-min.js HTTP/1.1" 304 -
10.58.180.231 - - [24/Jun/2015:01:20:54 -0700] "GET /jenkins/static/ec79f6db/scripts/yui/datasource/datasource-min.js HTTP/1.1" 304 -
10.58.180.231 - - [24/Jun/2015:01:20:54 -0700] "GET /jenkins/static/ec79f6db/scripts/yui/menu/menu-min.js HTTP/1.1" 304 -
10.58.180.231 - - [24/Jun/2015:01:20:54 -0700] "GET /jenkins/static/ec79f6db/scripts/hudson-behavior.js HTTP/1.1" 304 -
10.58.180.231 - - [24/Jun/2015:01:20:54 -0700] "GET /jenkins/static/ec79f6db/scripts/sortable.js HTTP/1.1" 304 -
10.58.180.231 - - [24/Jun/2015:01:20:54 -0700] "GET /jenkins/static/ec79f6db/scripts/yui/button/button-min.js HTTP/1.1" 304 -
10.58.180.231 - - [24/Jun/2015:01:20:54 -0700] "GET /jenkins/static/ec79f6db/scripts/yui/storage/storage-min.js HTTP/1.1" 304 -
10.58.180.231 - - [24/Jun/2015:01:20:54 -0700] "GET /jenkins/static/ec79f6db/scripts/yui/element/element-min.js HTTP/1.1" 304 -
10.58.180.231 - - [24/Jun/2015:01:20:54 -0700] "GET /jenkins/static/ec79f6db/scripts/yui/container/assets/container.css HTTP/1.1" 304 -
10.58.180.231 - - [24/Jun/2015:01:20:54 -0700] "GET /jenkins/static/ec79f6db/scripts/yui/assets/skins/sam/skin.css HTTP/1.1" 304 -
10.58.180.231 - - [24/Jun/2015:01:20:54 -0700] "GET /jenkins/static/ec79f6db/scripts/yui/container/assets/skins/sam/container.css HTTP/1.1" 304 -
10.58.180.231 - - [24/Jun/2015:01:20:54 -0700] "GET /jenkins/static/ec79f6db/scripts/yui/button/assets/skins/sam/button.css HTTP/1.1" 304 -
10.58.180.231 - - [24/Jun/2015:01:20:54 -0700] "GET /jenkins/static/ec79f6db/scripts/yui/cookie/cookie-min.js HTTP/1.1" 304 -
10.58.180.231 - - [24/Jun/2015:01:20:54 -0700] "GET /jenkins/static/ec79f6db/scripts/yui/menu/assets/skins/sam/menu.css HTTP/1.1" 304 -
10.58.180.231 - - [24/Jun/2015:01:20:54 -0700] "GET /jenkins/static/ec79f6db/scripts/msie.js HTTP/1.1" 304 -
10.58.180.231 - - [24/Jun/2015:01:20:54 -0700] "GET /jenkins/adjuncts/ec79f6db/lib/layout/breadcrumbs.css HTTP/1.1" 304 -
10.58.180.231 - - [24/Jun/2015:01:20:54 -0700] "GET /jenkins/static/ec79f6db/images/title.png HTTP/1.1" 304 -
10.58.180.231 - - [24/Jun/2015:01:20:54 -0700] "GET /jenkins/static/ec79f6db/images/headshot.png HTTP/1.1" 304 -
10.58.180.231 - - [24/Jun/2015:01:20:54 -0700] "GET /jenkins/static/ec79f6db/images/16x16/help.png HTTP/1.1" 304 -
10.58.180.231 - - [24/Jun/2015:01:20:54 -0700] "GET /jenkins/adjuncts/ec79f6db/lib/layout/breadcrumbs.js HTTP/1.1" 304 -
10.58.180.231 - - [24/Jun/2015:01:20:54 -0700] "GET /jenkins/static/ec79f6db/images/16x16/collapse.png HTTP/1.1" 304 -
10.58.180.231 - - [24/Jun/2015:01:20:54 -0700] "GET /jenkins/static/ec79f6db/images/16x16/red.png HTTP/1.1" 200 660
10.58.180.231 - - [24/Jun/2015:01:20:54 -0700] "GET /jenkins/static/ec79f6db/images/24x24/up.png HTTP/1.1" 304 -
10.58.180.231 - - [24/Jun/2015:01:20:54 -0700] "GET /jenkins/static/ec79f6db/plugin/translation/flags.png HTTP/1.1" 304 -
10.58.180.231 - - [24/Jun/2015:01:20:54 -0700] "GET /jenkins/static/ec79f6db/images/16x16/search.png HTTP/1.1" 304 -
10.58.180.231 - - [24/Jun/2015:01:20:55 -0700] "GET /jenkins/adjuncts/ec79f6db/lib/layout/menu_down_arrow.png HTTP/1.1" 304 -
10.58.180.231 - - [24/Jun/2015:01:20:55 -0700] "GET /jenkins/adjuncts/ec79f6db/lib/layout/menu_right_arrow2.png HTTP/1.1" 304 -
10.58.181.92 - - [24/Jun/2015:01:20:57 -0700] "POST /jenkins/view/Nightly%20Jobs/job/3_Sub_Nightly_QA_Test_RS_MATS/buildHistory/ajax HTTP/1.1" 200 51
10.58.180.231 - - [24/Jun/2015:01:20:57 -0700] "GET /jenkins/login?from=%2Fjenkins%2Fjob%2F3_Sub_Nightly_Publish_QA_Test_Report%2F HTTP/1.1" 200 5070
10.58.180.231 - - [24/Jun/2015:01:20:58 -0700] "GET /jenkins/static/ec79f6db/css/style.css HTTP/1.1" 304 -
10.58.180.231 - - [24/Jun/2015:01:20:58 -0700] "GET /jenkins/static/ec79f6db/css/color.css HTTP/1.1" 304 -
10.58.180.231 - - [24/Jun/2015:01:20:58 -0700] "GET /jenkins/static/ec79f6db/css/responsive-grid.css HTTP/1.1" 304 -
10.58.180.231 - - [24/Jun/2015:01:20:58 -0700] "GET /jenkins/static/ec79f6db/scripts/prototype.js HTTP/1.1" 304 -
10.58.180.231 - - [24/Jun/2015:01:20:58 -0700] "GET /jenkins/static/ec79f6db/scripts/behavior.js HTTP/1.1" 304 -
10.58.180.231 - - [24/Jun/2015:01:20:58 -0700] "GET /jenkins/adjuncts/ec79f6db/org/kohsuke/stapler/bind.js HTTP/1.1" 304 -
10.58.180.231 - - [24/Jun/2015:01:20:58 -0700] "GET /jenkins/static/ec79f6db/scripts/yui/event/event-min.js HTTP/1.1" 304 -
10.58.180.231 - - [24/Jun/2015:01:20:58 -0700] "GET /jenkins/static/ec79f6db/scripts/yui/dom/dom-min.js HTTP/1.1" 304 -
10.58.180.231 - - [24/Jun/2015:01:20:58 -0700] "GET /jenkins/static/ec79f6db/scripts/yui/yahoo/yahoo-min.js HTTP/1.1" 304 -
10.58.180.231 - - [24/Jun/2015:01:20:58 -0700] "GET /jenkins/static/ec79f6db/scripts/yui/animation/animation-min.js HTTP/1.1" 304 -
10.58.180.231 - - [24/Jun/2015:01:20:58 -0700] "GET /jenkins/static/ec79f6db/scripts/yui/dragdrop/dragdrop-min.js HTTP/1.1" 304 -
10.58.180.231 - - [24/Jun/2015:01:20:58 -0700] "GET /jenkins/static/ec79f6db/scripts/yui/container/container-min.js HTTP/1.1" 304 -
10.58.180.231 - - [24/Jun/2015:01:20:58 -0700] "GET /jenkins/static/ec79f6db/scripts/yui/connection/connection-min.js HTTP/1.1" 304 -
10.58.180.231 - - [24/Jun/2015:01:20:58 -0700] "GET /jenkins/static/ec79f6db/scripts/yui/datasource/datasource-min.js HTTP/1.1" 304 -
10.58.180.231 - - [24/Jun/2015:01:20:58 -0700] "GET /jenkins/static/ec79f6db/scripts/yui/autocomplete/autocomplete-min.js HTTP/1.1" 304 -
10.58.180.231 - - [24/Jun/2015:01:20:58 -0700] "GET /jenkins/static/ec79f6db/scripts/yui/menu/menu-min.js HTTP/1.1" 304 -
10.58.180.231 - - [24/Jun/2015:01:20:58 -0700] "GET /jenkins/static/ec79f6db/scripts/yui/element/element-min.js HTTP/1.1" 304 -
10.58.180.231 - - [24/Jun/2015:01:20:58 -0700] "GET /jenkins/static/ec79f6db/scripts/yui/button/button-min.js HTTP/1.1" 304 -
10.58.180.231 - - [24/Jun/2015:01:20:58 -0700] "GET /jenkins/static/ec79f6db/scripts/yui/storage/storage-min.js HTTP/1.1" 304 -
10.58.180.231 - - [24/Jun/2015:01:20:58 -0700] "GET /jenkins/static/ec79f6db/scripts/hudson-behavior.js HTTP/1.1" 304 -
10.58.180.231 - - [24/Jun/2015:01:20:58 -0700] "GET /jenkins/static/ec79f6db/scripts/sortable.js HTTP/1.1" 304 -
10.58.180.231 - - [24/Jun/2015:01:20:58 -0700] "GET /jenkins/static/ec79f6db/scripts/yui/container/assets/container.css HTTP/1.1" 304 -
10.58.180.231 - - [24/Jun/2015:01:20:58 -0700] "GET /jenkins/static/ec79f6db/scripts/yui/assets/skins/sam/skin.css HTTP/1.1" 304 -
10.58.180.231 - - [24/Jun/2015:01:20:58 -0700] "GET /jenkins/static/ec79f6db/scripts/yui/container/assets/skins/sam/container.css HTTP/1.1" 304 -
10.58.180.231 - - [24/Jun/2015:01:20:58 -0700] "GET /jenkins/static/ec79f6db/scripts/yui/button/assets/skins/sam/button.css HTTP/1.1" 304 -
10.58.180.231 - - [24/Jun/2015:01:20:58 -0700] "GET /jenkins/static/ec79f6db/scripts/yui/menu/assets/skins/sam/menu.css HTTP/1.1" 304 -
10.58.180.231 - - [24/Jun/2015:01:20:58 -0700] "GET /jenkins/static/ec79f6db/scripts/yui/cookie/cookie-min.js HTTP/1.1" 304 -
10.58.180.231 - - [24/Jun/2015:01:20:58 -0700] "GET /jenkins/static/ec79f6db/scripts/msie.js HTTP/1.1" 304 -
10.58.180.231 - - [24/Jun/2015:01:20:58 -0700] "GET /jenkins/static/ec79f6db/images/headshot.png HTTP/1.1" 304 -
10.58.180.231 - - [24/Jun/2015:01:20:58 -0700] "POST /jenkins/job/huiji-rscorona_huiji4_vu-serial-build-only/buildHistory/ajax HTTP/1.1" 200 552
10.58.180.231 - - [24/Jun/2015:01:20:58 -0700] "GET /jenkins/static/ec79f6db/images/title.png HTTP/1.1" 304 -
10.58.180.231 - - [24/Jun/2015:01:20:58 -0700] "GET /jenkins/static/ec79f6db/images/16x16/help.png HTTP/1.1" 304 -
10.58.180.231 - - [24/Jun/2015:01:20:58 -0700] "GET /jenkins/adjuncts/ec79f6db/lib/layout/breadcrumbs.css HTTP/1.1" 304 -
10.58.180.231 - - [24/Jun/2015:01:20:58 -0700] "GET /jenkins/adjuncts/ec79f6db/lib/layout/breadcrumbs.js HTTP/1.1" 304 -
10.58.180.231 - - [24/Jun/2015:01:20:58 -0700] "GET /jenkins/static/ec79f6db/images/16x16/collapse.png HTTP/1.1" 304 -
10.58.180.231 - - [24/Jun/2015:01:20:58 -0700] "GET /jenkins/static/ec79f6db/images/16x16/computer.png HTTP/1.1" 304 -
10.58.180.231 - - [24/Jun/2015:01:20:58 -0700] "GET /jenkins/static/ec79f6db/images/16x16/computer-x.png HTTP/1.1" 304 -
10.58.180.231 - - [24/Jun/2015:01:20:58 -0700] "GET /jenkins/static/ec79f6db/plugin/translation/flags.png HTTP/1.1" 304 -
10.58.180.231 - - [24/Jun/2015:01:20:58 -0700] "GET /jenkins/static/ec79f6db/images/16x16/search.png HTTP/1.1" 304 -
10.58.180.231 - - [24/Jun/2015:01:20:58 -0700] "GET /jenkins/adjuncts/ec79f6db/lib/layout/menu_down_arrow.png HTTP/1.1" 304 -
10.58.180.231 - - [24/Jun/2015:01:20:58 -0700] "GET /jenkins/adjuncts/ec79f6db/lib/layout/menu_right_arrow2.png HTTP/1.1" 304 -
10.58.181.92 - - [24/Jun/2015:01:21:02 -0700] "POST /jenkins/view/Nightly%20Jobs/job/3_Sub_Nightly_QA_Test_RS_MATS/buildHistory/ajax HTTP/1.1" 200 51
10.58.180.231 - - [24/Jun/2015:01:21:03 -0700] "POST /jenkins/job/huiji-rscorona_huiji4_vu-serial-build-only/buildHistory/ajax HTTP/1.1" 200 552
10.58.180.231 - - [24/Jun/2015:01:21:03 -0700] "POST /jenkins/ajaxBuildQueue HTTP/1.1" 200 300
10.58.180.231 - - [24/Jun/2015:01:21:03 -0700] "POST /jenkins/ajaxExecutors HTTP/1.1" 200 1998
10.58.181.92 - - [24/Jun/2015:01:21:07 -0700] "POST /jenkins/view/Nightly%20Jobs/job/3_Sub_Nightly_QA_Test_RS_MATS/buildHistory/ajax HTTP/1.1" 200 51
10.58.180.231 - - [24/Jun/2015:01:21:08 -0700] "POST /jenkins/j_acegi_security_check HTTP/1.1" 302 -
10.58.180.231 - - [24/Jun/2015:01:21:08 -0700] "GET /jenkins/loginError HTTP/1.1" 401 5111
10.58.180.231 - - [24/Jun/2015:01:21:08 -0700] "GET /jenkins/static/ec79f6db/css/style.css HTTP/1.1" 304 -
10.58.180.231 - - [24/Jun/2015:01:21:08 -0700] "GET /jenkins/static/ec79f6db/css/color.css HTTP/1.1" 304 -
10.58.180.231 - - [24/Jun/2015:01:21:08 -0700] "GET /jenkins/static/ec79f6db/css/responsive-grid.css HTTP/1.1" 304 -
10.58.180.231 - - [24/Jun/2015:01:21:08 -0700] "GET /jenkins/static/ec79f6db/scripts/prototype.js HTTP/1.1" 304 -
10.58.180.231 - - [24/Jun/2015:01:21:08 -0700] "GET /jenkins/static/ec79f6db/scripts/behavior.js HTTP/1.1" 304 -
10.58.180.231 - - [24/Jun/2015:01:21:08 -0700] "GET /jenkins/adjuncts/ec79f6db/org/kohsuke/stapler/bind.js HTTP/1.1" 304 -
10.58.180.231 - - [24/Jun/2015:01:21:08 -0700] "GET /jenkins/static/ec79f6db/scripts/yui/yahoo/yahoo-min.js HTTP/1.1" 304 -
10.58.180.231 - - [24/Jun/2015:01:21:08 -0700] "GET /jenkins/static/ec79f6db/scripts/yui/event/event-min.js HTTP/1.1" 304 -
10.58.180.231 - - [24/Jun/2015:01:21:08 -0700] "GET /jenkins/static/ec79f6db/scripts/yui/dom/dom-min.js HTTP/1.1" 304 -
10.58.180.231 - - [24/Jun/2015:01:21:08 -0700] "GET /jenkins/static/ec79f6db/scripts/yui/animation/animation-min.js HTTP/1.1" 304 -
10.58.180.231 - - [24/Jun/2015:01:21:08 -0700] "GET /jenkins/static/ec79f6db/scripts/yui/dragdrop/dragdrop-min.js HTTP/1.1" 304 -
10.58.180.231 - - [24/Jun/2015:01:21:08 -0700] "GET /jenkins/static/ec79f6db/scripts/yui/connection/connection-min.js HTTP/1.1" 304 -
10.58.180.231 - - [24/Jun/2015:01:21:08 -0700] "GET /jenkins/static/ec79f6db/scripts/yui/datasource/datasource-min.js HTTP/1.1" 304 -
10.58.180.231 - - [24/Jun/2015:01:21:08 -0700] "GET /jenkins/static/ec79f6db/scripts/yui/container/container-min.js HTTP/1.1" 304 -
10.58.180.231 - - [24/Jun/2015:01:21:08 -0700] "GET /jenkins/static/ec79f6db/scripts/yui/autocomplete/autocomplete-min.js HTTP/1.1" 304 -
10.58.180.231 - - [24/Jun/2015:01:21:08 -0700] "GET /jenkins/static/ec79f6db/scripts/yui/menu/menu-min.js HTTP/1.1" 304 -
10.58.180.231 - - [24/Jun/2015:01:21:08 -0700] "POST /jenkins/job/huiji-rscorona_huiji4_vu-serial-build-only/buildHistory/ajax HTTP/1.1" 200 552
10.58.180.231 - - [24/Jun/2015:01:21:08 -0700] "GET /jenkins/static/ec79f6db/scripts/yui/button/button-min.js HTTP/1.1" 304 -
10.58.180.231 - - [24/Jun/2015:01:21:09 -0700] "GET /jenkins/static/ec79f6db/scripts/yui/element/element-min.js HTTP/1.1" 304 -
10.58.180.231 - - [24/Jun/2015:01:21:09 -0700] "GET /jenkins/static/ec79f6db/scripts/yui/storage/storage-min.js HTTP/1.1" 304 -
10.58.180.231 - - [24/Jun/2015:01:21:09 -0700] "GET /jenkins/static/ec79f6db/scripts/hudson-behavior.js HTTP/1.1" 304 -
10.58.180.231 - - [24/Jun/2015:01:21:09 -0700] "GET /jenkins/static/ec79f6db/scripts/sortable.js HTTP/1.1" 304 -
10.58.180.231 - - [24/Jun/2015:01:21:09 -0700] "GET /jenkins/static/ec79f6db/scripts/yui/container/assets/container.css HTTP/1.1" 304 -
10.58.180.231 - - [24/Jun/2015:01:21:09 -0700] "GET /jenkins/static/ec79f6db/scripts/yui/assets/skins/sam/skin.css HTTP/1.1" 304 -
10.58.180.231 - - [24/Jun/2015:01:21:09 -0700] "GET /jenkins/static/ec79f6db/scripts/yui/container/assets/skins/sam/container.css HTTP/1.1" 304 -
10.58.180.231 - - [24/Jun/2015:01:21:09 -0700] "GET /jenkins/static/ec79f6db/scripts/yui/menu/assets/skins/sam/menu.css HTTP/1.1" 304 -
10.58.180.231 - - [24/Jun/2015:01:21:09 -0700] "GET /jenkins/static/ec79f6db/scripts/yui/button/assets/skins/sam/button.css HTTP/1.1" 304 -
10.58.180.231 - - [24/Jun/2015:01:21:09 -0700] "GET /jenkins/static/ec79f6db/scripts/yui/cookie/cookie-min.js HTTP/1.1" 304 -
10.58.180.231 - - [24/Jun/2015:01:21:09 -0700] "GET /jenkins/static/ec79f6db/scripts/msie.js HTTP/1.1" 304 -
10.58.180.231 - - [24/Jun/2015:01:21:09 -0700] "GET /jenkins/static/ec79f6db/images/headshot.png HTTP/1.1" 304 -
10.58.180.231 - - [24/Jun/2015:01:21:09 -0700] "GET /jenkins/static/ec79f6db/images/title.png HTTP/1.1" 304 -
10.58.180.231 - - [24/Jun/2015:01:21:09 -0700] "GET /jenkins/static/ec79f6db/images/16x16/help.png HTTP/1.1" 304 -
10.58.180.231 - - [24/Jun/2015:01:21:09 -0700] "GET /jenkins/adjuncts/ec79f6db/lib/layout/breadcrumbs.js HTTP/1.1" 304 -
10.58.180.231 - - [24/Jun/2015:01:21:09 -0700] "GET /jenkins/adjuncts/ec79f6db/lib/layout/breadcrumbs.css HTTP/1.1" 304 -
10.58.180.231 - - [24/Jun/2015:01:21:09 -0700] "GET /jenkins/static/ec79f6db/images/16x16/collapse.png HTTP/1.1" 304 -
10.58.180.231 - - [24/Jun/2015:01:21:09 -0700] "GET /jenkins/static/ec79f6db/images/16x16/computer.png HTTP/1.1" 304 -
10.58.180.231 - - [24/Jun/2015:01:21:09 -0700] "GET /jenkins/static/ec79f6db/images/16x16/computer-x.png HTTP/1.1" 304 -
10.58.180.231 - - [24/Jun/2015:01:21:09 -0700] "GET /jenkins/static/ec79f6db/images/16x16/search.png HTTP/1.1" 304 -
10.58.180.231 - - [24/Jun/2015:01:21:09 -0700] "GET /jenkins/static/ec79f6db/plugin/translation/flags.png HTTP/1.1" 304 -
10.58.180.231 - - [24/Jun/2015:01:21:09 -0700] "GET /jenkins/adjuncts/ec79f6db/lib/layout/menu_down_arrow.png HTTP/1.1" 304 -
10.58.180.231 - - [24/Jun/2015:01:21:09 -0700] "GET /jenkins/adjuncts/ec79f6db/lib/layout/menu_right_arrow2.png HTTP/1.1" 304 -
10.58.180.231 - - [24/Jun/2015:01:21:12 -0700] "GET /jenkins/login?from=/jenkins/job/3_Sub_Nightly_Publish_QA_Test_Report/ HTTP/1.1" 200 5187
10.58.180.231 - - [24/Jun/2015:01:21:12 -0700] "GET /jenkins/static/ec79f6db/css/style.css HTTP/1.1" 304 -
10.58.180.231 - - [24/Jun/2015:01:21:12 -0700] "GET /jenkins/static/ec79f6db/css/color.css HTTP/1.1" 304 -
10.58.180.231 - - [24/Jun/2015:01:21:12 -0700] "GET /jenkins/static/ec79f6db/css/responsive-grid.css HTTP/1.1" 304 -
10.58.180.231 - - [24/Jun/2015:01:21:12 -0700] "GET /jenkins/static/ec79f6db/scripts/prototype.js HTTP/1.1" 304 -
10.58.180.231 - - [24/Jun/2015:01:21:12 -0700] "GET /jenkins/static/ec79f6db/scripts/behavior.js HTTP/1.1" 304 -
10.58.180.231 - - [24/Jun/2015:01:21:12 -0700] "GET /jenkins/adjuncts/ec79f6db/org/kohsuke/stapler/bind.js HTTP/1.1" 304 -
10.58.180.231 - - [24/Jun/2015:01:21:12 -0700] "GET /jenkins/static/ec79f6db/scripts/yui/dom/dom-min.js HTTP/1.1" 304 -
10.58.180.231 - - [24/Jun/2015:01:21:12 -0700] "GET /jenkins/static/ec79f6db/scripts/yui/yahoo/yahoo-min.js HTTP/1.1" 304 -
10.58.180.231 - - [24/Jun/2015:01:21:12 -0700] "GET /jenkins/static/ec79f6db/scripts/yui/event/event-min.js HTTP/1.1" 304 -
10.58.180.231 - - [24/Jun/2015:01:21:12 -0700] "GET /jenkins/static/ec79f6db/scripts/yui/animation/animation-min.js HTTP/1.1" 304 -
10.58.180.231 - - [24/Jun/2015:01:21:12 -0700] "GET /jenkins/static/ec79f6db/scripts/yui/dragdrop/dragdrop-min.js HTTP/1.1" 304 -
10.58.180.231 - - [24/Jun/2015:01:21:12 -0700] "GET /jenkins/static/ec79f6db/scripts/yui/container/container-min.js HTTP/1.1" 304 -
10.58.180.231 - - [24/Jun/2015:01:21:12 -0700] "GET /jenkins/static/ec79f6db/scripts/yui/connection/connection-min.js HTTP/1.1" 304 -
10.58.180.231 - - [24/Jun/2015:01:21:12 -0700] "GET /jenkins/static/ec79f6db/scripts/yui/datasource/datasource-min.js HTTP/1.1" 304 -
10.58.180.231 - - [24/Jun/2015:01:21:12 -0700] "GET /jenkins/static/ec79f6db/scripts/yui/autocomplete/autocomplete-min.js HTTP/1.1" 304 -
10.58.180.231 - - [24/Jun/2015:01:21:12 -0700] "GET /jenkins/static/ec79f6db/scripts/yui/menu/menu-min.js HTTP/1.1" 304 -
10.58.180.231 - - [24/Jun/2015:01:21:12 -0700] "GET /jenkins/static/ec79f6db/scripts/yui/element/element-min.js HTTP/1.1" 304 -
10.58.180.231 - - [24/Jun/2015:01:21:12 -0700] "GET /jenkins/static/ec79f6db/scripts/yui/button/button-min.js HTTP/1.1" 304 -
10.58.180.231 - - [24/Jun/2015:01:21:12 -0700] "GET /jenkins/static/ec79f6db/scripts/hudson-behavior.js HTTP/1.1" 304 -
10.58.180.231 - - [24/Jun/2015:01:21:12 -0700] "GET /jenkins/static/ec79f6db/scripts/sortable.js HTTP/1.1" 304 -
10.58.180.231 - - [24/Jun/2015:01:21:12 -0700] "GET /jenkins/static/ec79f6db/scripts/yui/storage/storage-min.js HTTP/1.1" 304 -
10.58.180.231 - - [24/Jun/2015:01:21:12 -0700] "GET /jenkins/static/ec79f6db/scripts/yui/container/assets/container.css HTTP/1.1" 304 -
10.58.180.231 - - [24/Jun/2015:01:21:12 -0700] "GET /jenkins/static/ec79f6db/scripts/yui/assets/skins/sam/skin.css HTTP/1.1" 304 -
10.58.181.92 - - [24/Jun/2015:01:21:12 -0700] "POST /jenkins/view/Nightly%20Jobs/job/3_Sub_Nightly_QA_Test_RS_MATS/buildHistory/ajax HTTP/1.1" 200 51
10.58.180.231 - - [24/Jun/2015:01:21:12 -0700] "GET /jenkins/static/ec79f6db/scripts/yui/container/assets/skins/sam/container.css HTTP/1.1" 304 -
10.58.180.231 - - [24/Jun/2015:01:21:13 -0700] "GET /jenkins/static/ec79f6db/scripts/yui/button/assets/skins/sam/button.css HTTP/1.1" 304 -
10.58.180.231 - - [24/Jun/2015:01:21:13 -0700] "GET /jenkins/static/ec79f6db/scripts/yui/cookie/cookie-min.js HTTP/1.1" 304 -
10.58.180.231 - - [24/Jun/2015:01:21:13 -0700] "GET /jenkins/static/ec79f6db/scripts/yui/menu/assets/skins/sam/menu.css HTTP/1.1" 304 -
10.58.180.231 - - [24/Jun/2015:01:21:13 -0700] "GET /jenkins/static/ec79f6db/images/headshot.png HTTP/1.1" 304 -
10.58.180.231 - - [24/Jun/2015:01:21:13 -0700] "GET /jenkins/static/ec79f6db/scripts/msie.js HTTP/1.1" 304 -
10.58.180.231 - - [24/Jun/2015:01:21:13 -0700] "GET /jenkins/static/ec79f6db/images/title.png HTTP/1.1" 304 -
10.58.180.231 - - [24/Jun/2015:01:21:13 -0700] "GET /jenkins/static/ec79f6db/images/16x16/help.png HTTP/1.1" 304 -
10.58.180.231 - - [24/Jun/2015:01:21:13 -0700] "GET /jenkins/adjuncts/ec79f6db/lib/layout/breadcrumbs.css HTTP/1.1" 304 -
10.58.180.231 - - [24/Jun/2015:01:21:13 -0700] "GET /jenkins/static/ec79f6db/images/16x16/collapse.png HTTP/1.1" 304 -
10.58.180.231 - - [24/Jun/2015:01:21:13 -0700] "GET /jenkins/static/ec79f6db/images/16x16/computer.png HTTP/1.1" 304 -
10.58.180.231 - - [24/Jun/2015:01:21:13 -0700] "GET /jenkins/adjuncts/ec79f6db/lib/layout/breadcrumbs.js HTTP/1.1" 304 -
10.58.180.231 - - [24/Jun/2015:01:21:13 -0700] "GET /jenkins/static/ec79f6db/images/16x16/computer-x.png HTTP/1.1" 304 -
10.58.180.231 - - [24/Jun/2015:01:21:13 -0700] "GET /jenkins/static/ec79f6db/plugin/translation/flags.png HTTP/1.1" 304 -
10.58.180.231 - - [24/Jun/2015:01:21:13 -0700] "GET /jenkins/static/ec79f6db/images/16x16/search.png HTTP/1.1" 304 -
10.58.180.231 - - [24/Jun/2015:01:21:13 -0700] "GET /jenkins/adjuncts/ec79f6db/lib/layout/menu_down_arrow.png HTTP/1.1" 304 -
10.58.180.231 - - [24/Jun/2015:01:21:13 -0700] "GET /jenkins/adjuncts/ec79f6db/lib/layout/menu_right_arrow2.png HTTP/1.1" 304 -
10.58.180.231 - - [24/Jun/2015:01:21:14 -0700] "POST /jenkins/job/huiji-rscorona_huiji4_vu-serial-build-only/buildHistory/ajax HTTP/1.1" 200 552
10.58.181.92 - - [24/Jun/2015:01:21:18 -0700] "POST /jenkins/view/Nightly%20Jobs/job/3_Sub_Nightly_QA_Test_RS_MATS/buildHistory/ajax HTTP/1.1" 200 51
10.58.180.231 - - [24/Jun/2015:01:21:18 -0700] "POST /jenkins/ajaxBuildQueue HTTP/1.1" 200 300
10.58.180.231 - - [24/Jun/2015:01:21:18 -0700] "POST /jenkins/ajaxExecutors HTTP/1.1" 200 1996
10.58.180.231 - - [24/Jun/2015:01:21:19 -0700] "POST /jenkins/job/huiji-rscorona_huiji4_vu-serial-build-only/buildHistory/ajax HTTP/1.1" 200 552
10.58.180.231 - - [24/Jun/2015:01:21:20 -0700] "POST /jenkins/updateCenter/byId/default/postBack HTTP/1.1" 200 6
10.58.180.231 - - [24/Jun/2015:01:21:22 -0700] "POST /jenkins/j_acegi_security_check HTTP/1.1" 302 -
10.58.180.231 - - [24/Jun/2015:01:21:22 -0700] "GET /jenkins/loginError HTTP/1.1" 401 5110
10.58.180.231 - - [24/Jun/2015:01:21:22 -0700] "GET /jenkins/static/ec79f6db/css/color.css HTTP/1.1" 304 -
10.58.180.231 - - [24/Jun/2015:01:21:22 -0700] "GET /jenkins/static/ec79f6db/css/style.css HTTP/1.1" 304 -
10.58.180.231 - - [24/Jun/2015:01:21:22 -0700] "GET /jenkins/static/ec79f6db/css/responsive-grid.css HTTP/1.1" 304 -
10.58.180.231 - - [24/Jun/2015:01:21:22 -0700] "GET /jenkins/static/ec79f6db/scripts/prototype.js HTTP/1.1" 304 -
10.58.180.231 - - [24/Jun/2015:01:21:22 -0700] "GET /jenkins/static/ec79f6db/scripts/behavior.js HTTP/1.1" 304 -
10.58.180.231 - - [24/Jun/2015:01:21:22 -0700] "GET /jenkins/static/ec79f6db/scripts/yui/dragdrop/dragdrop-min.js HTTP/1.1" 304 -
10.58.180.231 - - [24/Jun/2015:01:21:22 -0700] "GET /jenkins/static/ec79f6db/scripts/yui/yahoo/yahoo-min.js HTTP/1.1" 304 -
10.58.180.231 - - [24/Jun/2015:01:21:22 -0700] "GET /jenkins/adjuncts/ec79f6db/org/kohsuke/stapler/bind.js HTTP/1.1" 304 -
10.58.180.231 - - [24/Jun/2015:01:21:22 -0700] "GET /jenkins/static/ec79f6db/scripts/yui/dom/dom-min.js HTTP/1.1" 304 -
10.58.180.231 - - [24/Jun/2015:01:21:22 -0700] "GET /jenkins/static/ec79f6db/scripts/yui/animation/animation-min.js HTTP/1.1" 304 -
10.58.180.231 - - [24/Jun/2015:01:21:22 -0700] "GET /jenkins/static/ec79f6db/scripts/yui/event/event-min.js HTTP/1.1" 304 -
10.58.180.231 - - [24/Jun/2015:01:21:23 -0700] "GET /jenkins/static/ec79f6db/scripts/yui/connection/connection-min.js HTTP/1.1" 304 -
10.58.180.231 - - [24/Jun/2015:01:21:23 -0700] "GET /jenkins/static/ec79f6db/scripts/yui/datasource/datasource-min.js HTTP/1.1" 304 -
10.58.180.231 - - [24/Jun/2015:01:21:23 -0700] "GET /jenkins/static/ec79f6db/scripts/yui/container/container-min.js HTTP/1.1" 304 -
10.58.180.231 - - [24/Jun/2015:01:21:23 -0700] "GET /jenkins/static/ec79f6db/scripts/yui/autocomplete/autocomplete-min.js HTTP/1.1" 304 -
10.58.180.231 - - [24/Jun/2015:01:21:23 -0700] "GET /jenkins/static/ec79f6db/scripts/yui/menu/menu-min.js HTTP/1.1" 304 -
10.58.180.231 - - [24/Jun/2015:01:21:23 -0700] "GET /jenkins/static/ec79f6db/scripts/yui/element/element-min.js HTTP/1.1" 304 -
10.58.180.231 - - [24/Jun/2015:01:21:23 -0700] "GET /jenkins/static/ec79f6db/scripts/hudson-behavior.js HTTP/1.1" 304 -
10.58.180.231 - - [24/Jun/2015:01:21:23 -0700] "GET /jenkins/static/ec79f6db/scripts/sortable.js HTTP/1.1" 304 -
10.58.180.231 - - [24/Jun/2015:01:21:23 -0700] "GET /jenkins/static/ec79f6db/scripts/yui/container/assets/container.css HTTP/1.1" 304 -
10.58.180.231 - - [24/Jun/2015:01:21:23 -0700] "GET /jenkins/static/ec79f6db/scripts/yui/button/button-min.js HTTP/1.1" 304 -
10.58.180.231 - - [24/Jun/2015:01:21:23 -0700] "GET /jenkins/static/ec79f6db/scripts/yui/storage/storage-min.js HTTP/1.1" 304 -
10.58.180.231 - - [24/Jun/2015:01:21:23 -0700] "GET /jenkins/static/ec79f6db/scripts/yui/assets/skins/sam/skin.css HTTP/1.1" 304 -
10.58.181.92 - - [24/Jun/2015:01:21:23 -0700] "POST /jenkins/view/Nightly%20Jobs/job/3_Sub_Nightly_QA_Test_RS_MATS/buildHistory/ajax HTTP/1.1" 200 51
10.58.180.231 - - [24/Jun/2015:01:21:23 -0700] "GET /jenkins/static/ec79f6db/scripts/yui/container/assets/skins/sam/container.css HTTP/1.1" 304 -
10.58.180.231 - - [24/Jun/2015:01:21:23 -0700] "GET /jenkins/static/ec79f6db/scripts/yui/menu/assets/skins/sam/menu.css HTTP/1.1" 304 -
10.58.180.231 - - [24/Jun/2015:01:21:23 -0700] "GET /jenkins/static/ec79f6db/scripts/msie.js HTTP/1.1" 304 -
10.58.180.231 - - [24/Jun/2015:01:21:23 -0700] "GET /jenkins/static/ec79f6db/scripts/yui/cookie/cookie-min.js HTTP/1.1" 304 -
10.58.180.231 - - [24/Jun/2015:01:21:23 -0700] "GET /jenkins/static/ec79f6db/scripts/yui/button/assets/skins/sam/button.css HTTP/1.1" 304 -
10.58.180.231 - - [24/Jun/2015:01:21:23 -0700] "GET /jenkins/static/ec79f6db/images/headshot.png HTTP/1.1" 304 -
10.58.180.231 - - [24/Jun/2015:01:21:23 -0700] "GET /jenkins/static/ec79f6db/images/title.png HTTP/1.1" 304 -
10.58.180.231 - - [24/Jun/2015:01:21:23 -0700] "GET /jenkins/static/ec79f6db/images/16x16/help.png HTTP/1.1" 304 -
10.58.180.231 - - [24/Jun/2015:01:21:23 -0700] "GET /jenkins/adjuncts/ec79f6db/lib/layout/breadcrumbs.css HTTP/1.1" 304 -
10.58.180.231 - - [24/Jun/2015:01:21:23 -0700] "GET /jenkins/static/ec79f6db/images/16x16/collapse.png HTTP/1.1" 304 -
10.58.180.231 - - [24/Jun/2015:01:21:23 -0700] "GET /jenkins/adjuncts/ec79f6db/lib/layout/breadcrumbs.js HTTP/1.1" 304 -
10.58.180.231 - - [24/Jun/2015:01:21:23 -0700] "GET /jenkins/static/ec79f6db/images/16x16/computer.png HTTP/1.1" 304 -
10.58.180.231 - - [24/Jun/2015:01:21:23 -0700] "GET /jenkins/static/ec79f6db/images/16x16/computer-x.png HTTP/1.1" 304 -
10.58.180.231 - - [24/Jun/2015:01:21:23 -0700] "GET /jenkins/static/ec79f6db/plugin/translation/flags.png HTTP/1.1" 304 -
10.58.180.231 - - [24/Jun/2015:01:21:23 -0700] "GET /jenkins/static/ec79f6db/images/16x16/search.png HTTP/1.1" 304 -
10.58.180.231 - - [24/Jun/2015:01:21:23 -0700] "GET /jenkins/adjuncts/ec79f6db/lib/layout/menu_down_arrow.png HTTP/1.1" 304 -
10.58.180.231 - - [24/Jun/2015:01:21:23 -0700] "GET /jenkins/adjuncts/ec79f6db/lib/layout/menu_right_arrow2.png HTTP/1.1" 304 -
10.58.180.231 - - [24/Jun/2015:01:21:24 -0700] "POST /jenkins/job/huiji-rscorona_huiji4_vu-serial-build-only/buildHistory/ajax HTTP/1.1" 200 552
10.58.180.231 - - [24/Jun/2015:01:21:24 -0700] "GET /jenkins/login?from=/jenkins/job/3_Sub_Nightly_Publish_QA_Test_Report/ HTTP/1.1" 200 5065
10.58.180.231 - - [24/Jun/2015:01:21:24 -0700] "GET /jenkins/static/ec79f6db/css/style.css HTTP/1.1" 304 -
10.58.180.231 - - [24/Jun/2015:01:21:24 -0700] "GET /jenkins/static/ec79f6db/css/color.css HTTP/1.1" 304 -
10.58.180.231 - - [24/Jun/2015:01:21:24 -0700] "GET /jenkins/static/ec79f6db/css/responsive-grid.css HTTP/1.1" 304 -
10.58.180.231 - - [24/Jun/2015:01:21:24 -0700] "GET /jenkins/static/ec79f6db/scripts/prototype.js HTTP/1.1" 304 -
